// Jest Snapshot v1, https://goo.gl/fbAQLP

exports[`Prueba en el componente de <RealExampleRef /> Debe de mostrar correctamente el componente de <RealExampleRef /> 1`] = `
<div>
  <h1>
    RealExampleREf
  </h1>
  <hr />
  <button
    className="btn btn-primary mt-5"
    onClick={[Function]}
  >
    Show/Hide
  </button>
</div>
`;
